---
source: crates/validation/tests/scenario_tests.rs
expression: errors
---
[
    Error {
        scope: test://example/int-halve#/collections/testing~1int-halve/derivation,
        error: derivation's initial register is invalid against its schema: {
          "document": "should be an integer",
          "basic_output": {
            "errors": [
              {
                "absoluteKeywordLocation": "test://example/int-halve?ptr=/collections/testing~1int-halve/derivation/register/schema",
                "error": "Invalid(Type(\"integer\"), None)",
                "instanceLocation": "",
                "keywordLocation": "#"
              }
            ],
            "valid": false
          }
        },
    },
]
